// Jest Snapshot v1, https://goo.gl/fbAQLP

exports[`Testing <Header/> Header have rendered correctly 1`] = `
<div
  className="header"
>
  <h3
    className="header-title"
  >
    <Link
      to="/"
    >
      Game of Thrones DB
    </Link>
  </h3>
  <ul
    className="header-list"
  >
    <li>
      <Link
        to="/characters/"
      >
        Characters
      </Link>
    </li>
    <li>
      <Link
        to="/houses/"
      >
        Houses
      </Link>
    </li>
    <li>
      <Link
        to="/books/"
      >
        Books
      </Link>
    </li>
  </ul>
</div>
`;
