// Jest Snapshot v1, https://goo.gl/fbAQLP

exports[`Testing <RandomChar/> RandomChar rendered correctly 1`] = `
<div
  className="random-block rounded"
>
  <Spinner />
</div>
`;
